// Jest Snapshot v1, https://goo.gl/fbAQLP

exports[`Can't sign in with an invalid name 1`] = `
<div
  className="App"
>
  <header
    className="App-header"
  >
    <img
      alt="logo"
      className="App-logo"
      src="logo.svg"
    />
    <h1
      className="App-title"
    >
      Habit Tracker
    </h1>
  </header>
  <form
    onSubmit={[Function]}
  >
    <label>
      <input
        name="Username"
        onChange={[Function]}
        type="text"
        value=""
      />
    </label>
    <input
      type="submit"
      value="Sign In"
    />
  </form>
</div>
`;

exports[`Link changes the class when hovered 1`] = `
<div
  className="App"
>
  <header
    className="App-header"
  >
    <img
      alt="logo"
      className="App-logo"
      src="logo.svg"
    />
    <h1
      className="App-title"
    >
      Habit Tracker
    </h1>
  </header>
  <form
    onSubmit={[Function]}
  >
    <label>
      <input
        name="Username"
        onChange={[Function]}
        type="text"
        value=""
      />
    </label>
    <input
      type="submit"
      value="Sign In"
    />
  </form>
</div>
`;
